src/spi.c:3:11:spi_xchg	2	static
src/uart.c:13:13:uart_tx	2	static
src/xmem.c:31:13:_xmem_addr	4	static
src/stream.c:57:13:_print_radix	38	static
src/builtin.c:2:12:_add	10	static
src/builtin.c:7:12:_sub	10	static
src/builtin.c:12:12:_mul	8	static
src/builtin.c:17:12:_div	8	static
src/builtin.c:22:12:_mod	8	static
src/builtin.c:27:12:_abs	2	static
src/builtin.c:32:12:_and	10	static
src/builtin.c:37:12:_or	10	static
src/builtin.c:42:12:_xor	10	static
src/builtin.c:47:12:_inv	8	static
src/builtin.c:52:12:_shl	10	static
src/builtin.c:57:12:_shr	10	static
src/builtin.c:62:12:_not	8	static
src/builtin.c:67:12:_eq	8	static
src/builtin.c:72:12:_ne	8	static
src/builtin.c:77:12:_lt	8	static
src/builtin.c:82:12:_gt	8	static
src/builtin.c:87:12:_le	8	static
src/builtin.c:92:12:_ge	8	static
src/builtin.c:97:12:_hi	8	static
src/builtin.c:102:12:_lo	8	static
src/builtin.c:107:12:_hs	8	static
src/builtin.c:112:12:_ls	8	static
src/builtin.c:440:12:_fputd	3	static
src/builtin.c:452:12:_fputx	3	static
src/builtin.c:458:12:_fputxe	3	static
src/builtin.c:503:12:_file_close	2	static
src/tokenizer.c:39:11:is_identifier_char	3	static
src/builtin.c:295:12:_isalnum	8	static
src/builtin.c:290:12:_isalpha	8	static
src/tokenizer.c:29:11:_is_hex	3	static
src/builtin.c:285:12:_isdigit	8	static
src/builtin.c:320:12:_isspace	8	static
src/util.c:41:12:fbti	16	static
src/builtin.c:120:12:_itf	8	static
src/util.c:48:12:ibtf	16	static
src/builtin.c:170:12:_gef	14	static
src/builtin.c:165:12:_lef	16	static
src/builtin.c:160:12:_gtf	16	static
src/builtin.c:155:12:_ltf	14	static
src/builtin.c:175:12:_absf	8	static
src/builtin.c:145:12:_divf	14	static
src/builtin.c:140:12:_mulf	14	static
src/builtin.c:135:12:_subf	14	static
src/builtin.c:130:12:_addf	14	static
src/builtin.c:125:12:_fti	8	static
src/builtin.c:419:12:_rand	8	static
src/builtin.c:413:12:_srand	2	static
src/builtin.c:335:12:_toupper	8	static
src/builtin.c:330:12:_tolower	8	static
src/builtin.c:325:12:_isxdigit	8	static
src/builtin.c:315:12:_ispunct	8	static
src/builtin.c:310:12:_isprint	8	static
src/builtin.c:305:12:_isgraph	8	static
src/builtin.c:300:12:_iscntrl	8	static
src/builtin.c:280:12:_islower	8	static
src/builtin.c:275:12:_isupper	8	static
src/builtin.c:265:12:_round	8	static
src/builtin.c:260:12:_floor	8	static
src/builtin.c:255:12:_ceil	8	static
src/builtin.c:250:12:_sqrt	8	static
src/builtin.c:245:12:_pow	14	static
src/builtin.c:240:12:_log10	8	static
src/builtin.c:235:12:_log	8	static
src/builtin.c:230:12:_exp	8	static
src/builtin.c:225:12:_tanh	8	static
src/builtin.c:220:12:_cosh	8	static
src/builtin.c:215:12:_sinh	8	static
src/builtin.c:210:12:_atan2	14	static
src/builtin.c:205:12:_atan	8	static
src/builtin.c:200:12:_acos	8	static
src/builtin.c:195:12:_asin	8	static
src/builtin.c:190:12:_tan	8	static
src/builtin.c:185:12:_cos	8	static
src/builtin.c:180:12:_sin	8	static
src/builtin.c:150:12:_modf	14	static
src/parser.c:171:13:_skip.constprop	2	static
src/builtin.c:521:12:_file_tell	2	static
src/builtin.c:404:12:_mset	7	static
src/util.c:4:11:_string_find.constprop	2	static
src/builtin.c:528:12:_millis	2	static
src/builtin.c:509:12:_file_write	2	static
src/builtin.c:515:12:_file_seek	2	static
src/stream.c:30:13:stream_fputs_P.constprop	4	static
src/stream.c:21:13:stream_fputs.constprop	4	static
src/builtin.c:446:12:_fputde	3	static
src/xmem.c:63:13:xmem_write	9	static
src/builtin.c:355:12:_w8	5	static
src/memory.c:29:13:memory_w16	6	static
src/builtin.c:349:12:_w16	2	static
src/parser.c:19:13:address_stack_push	4	static
src/parser.c:56:12:_identifier_map_insert	4	static
src/parser.c:147:13:_fn_usage_add	2	static
src/parser.c:159:13:_emit16	4	static
src/builtin.c:343:12:_w32	8	static
src/builtin.c:497:12:_file_read	2	static
src/xmem.c:47:13:xmem_read	9	static
src/memory.c:2:11:memory_r8	5	static
src/builtin.c:371:12:_ru8	8	static
src/builtin.c:382:12:_rs8	8	static
src/tokenizer.c:44:13:_tokenizer_read	4	static
src/tokenizer.c:60:13:_tokenizer_advance	2	static
src/tokenizer.c:175:13:_tokenizer_skip	3	static
src/memory.c:9:12:memory_r16	6	static
src/builtin.c:366:12:_ru16	8	static
src/builtin.c:377:12:_rs16	8	static
src/parser.c:9:13:address_stack_update	7	static
src/parser.c:127:12:_fn_addr_get	2	static
src/parser.c:32:12:identifier_map_find.constprop	11	static
src/builtin.c:489:12:_file_open	26	static
src/builtin.c:399:12:_mchr	274	static
src/memory.c:81:11:memory_cmp.constprop	524	static
src/builtin.c:394:12:_mcmp	8	static
src/memory.c:42:13:memory_cpy.constprop	268	static
src/builtin.c:388:12:_mcpy	2	static
src/memory.c:16:12:memory_r32.constprop	12	static
src/builtin.c:361:12:_r32	2	static
src/tokenizer.c:88:19:_tokenizer_char.isra	6	static
src/builtin.c:428:12:_fputs	5	static
src/builtin.c:434:12:_fputse	7	static
src/builtin.c:480:12:_fputc	2	static
src/stream.c:116:13:stream_fputfe	20	static
src/builtin.c:466:12:_fputf	11	static
src/builtin.c:472:12:_fputfe	12	static
src/tokenizer.c:482:19:tokenizer_next.isra	22	static
src/parser.c:595:19:_parser_let	5	static
src/parser.c:153:13:_emit8	7	static
src/parser.c:176:13:_pushi	12	static
src/parser.c:445:13:_popv	3	static
src/parser.c:459:13:_pushv	3	static
src/parser.c:508:19:_parser_fn_call.isra	12	static
src/parser.c:662:19:_parser_expression.isra	8	static
src/parser.c:1052:19:_parser_return.isra	3	static
src/parser.c:639:19:_parser_block_inner.isra	147	static
src/parser.c:650:19:_parser_block.isra	2	static
src/parser.c:697:19:_parser_if.isra	19	static
src/main.c:39:5:main	18	dynamic
