src/memory.c:95:11:_spi_xchg	2	static
src/memory.c:124:13:_xmem_read	11	static
src/memory.c:157:11:memory_r8	5	static
src/memory.c:164:12:memory_r16	6	static
src/builtin.c:2:12:_add	10	static
src/builtin.c:7:12:_sub	10	static
src/builtin.c:12:12:_mul	8	static
src/builtin.c:17:12:_div	8	static
src/builtin.c:22:12:_mod	8	static
src/builtin.c:27:12:_abs	2	static
src/builtin.c:32:12:_and	10	static
src/builtin.c:37:12:_or	10	static
src/builtin.c:42:12:_xor	10	static
src/builtin.c:47:12:_inv	8	static
src/builtin.c:52:12:_shl	10	static
src/builtin.c:57:12:_shr	10	static
src/builtin.c:62:12:_not	8	static
src/builtin.c:67:12:_eq	8	static
src/builtin.c:72:12:_ne	8	static
src/builtin.c:77:12:_lt	8	static
src/builtin.c:82:12:_gt	8	static
src/builtin.c:87:12:_le	8	static
src/builtin.c:92:12:_ge	8	static
src/builtin.c:97:12:_hi	8	static
src/builtin.c:102:12:_lo	8	static
src/builtin.c:107:12:_hs	8	static
src/builtin.c:112:12:_ls	8	static
src/builtin.c:358:12:_ru16	8	static
src/builtin.c:363:12:_ru8	8	static
src/builtin.c:369:12:_rs16	8	static
src/builtin.c:374:12:_rs8	8	static
src/builtin.c:380:12:_mcpy	2	static
src/parser.c:130:12:_fn_addr_get	2	static
src/builtin.c:476:12:_clear	4	dynamic,bounded
src/builtin.c:444:12:_print_hex	8	dynamic,bounded
src/builtin.c:431:12:_print_dec	8	dynamic,bounded
src/parser.c:32:12:identifier_map_find	13	static
src/builtin.c:289:12:_isalnum	8	static
src/builtin.c:284:12:_isalpha	8	static
src/tokenizer.c:33:11:_is_hex	3	static
src/builtin.c:279:12:_isdigit	8	static
src/builtin.c:314:12:_isspace	8	static
src/util.c:72:12:fbti	16	static
src/builtin.c:118:12:_itf	8	static
src/util.c:79:12:ibtf	16	static
src/builtin.c:457:12:_print_float	14	dynamic,bounded
src/builtin.c:168:12:_gef	14	static
src/builtin.c:163:12:_lef	16	static
src/builtin.c:158:12:_gtf	16	static
src/builtin.c:153:12:_ltf	14	static
src/builtin.c:173:12:_absf	8	static
src/builtin.c:143:12:_divf	14	static
src/builtin.c:138:12:_mulf	14	static
src/builtin.c:133:12:_subf	14	static
src/builtin.c:128:12:_addf	14	static
src/builtin.c:123:12:_fti	8	static
src/builtin.c:470:12:_print_char	2	static
src/builtin.c:411:12:_rand	8	static
src/builtin.c:405:12:_srand	2	static
src/builtin.c:329:12:_toupper	8	static
src/builtin.c:324:12:_tolower	8	static
src/builtin.c:319:12:_isxdigit	8	static
src/builtin.c:309:12:_ispunct	8	static
src/builtin.c:304:12:_isprint	8	static
src/builtin.c:299:12:_isgraph	8	static
src/builtin.c:294:12:_iscntrl	8	static
src/builtin.c:274:12:_islower	8	static
src/builtin.c:269:12:_isupper	8	static
src/builtin.c:263:12:_round	8	static
src/builtin.c:258:12:_floor	8	static
src/builtin.c:253:12:_ceil	8	static
src/builtin.c:248:12:_sqrt	8	static
src/builtin.c:243:12:_pow	14	static
src/builtin.c:238:12:_log10	8	static
src/builtin.c:233:12:_log	8	static
src/builtin.c:228:12:_exp	8	static
src/builtin.c:223:12:_tanh	8	static
src/builtin.c:218:12:_cosh	8	static
src/builtin.c:213:12:_sinh	8	static
src/builtin.c:208:12:_atan2	14	static
src/builtin.c:203:12:_atan	8	static
src/builtin.c:198:12:_acos	8	static
src/builtin.c:193:12:_asin	8	static
src/builtin.c:188:12:_tan	8	static
src/builtin.c:183:12:_cos	8	static
src/builtin.c:178:12:_sin	8	static
src/builtin.c:148:12:_modf	14	static
src/tokenizer.c:48:13:_tokenizer_read	4	static
src/tokenizer.c:64:13:_tokenizer_advance	2	static
src/tokenizer.c:179:13:_tokenizer_skip	3	static
src/parser.c:174:13:_skip.constprop	2	static
src/builtin.c:450:12:_print_hex_ext	2	static
src/memory.c:171:12:memory_r32.constprop	12	static
src/builtin.c:353:12:_r32	2	static
src/util.c:37:11:_string_find.constprop	2	static
src/builtin.c:463:12:_print_float_ext	2	static
src/builtin.c:386:12:_mcmp	2	static
src/builtin.c:392:12:_mchr	2	static
src/builtin.c:398:12:_mset	2	static
src/builtin.c:418:12:_print_string	2	static
src/builtin.c:424:12:_print_string_ext	2	static
src/builtin.c:437:12:_print_dec_ext	2	static
src/tokenizer.c:92:11:_tokenizer_char	6	static
src/memory.c:140:13:_xmem_write	11	static
src/builtin.c:347:12:_w8	5	static
src/memory.c:184:13:memory_w16	6	static
src/builtin.c:341:12:_w16	2	static
src/parser.c:9:13:address_stack_update	7	static
src/parser.c:19:13:address_stack_push	4	static
src/parser.c:56:12:_identifier_map_insert	4	static
src/parser.c:162:13:_emit16	4	static
src/builtin.c:335:12:_w32	8	static
src/tokenizer.c:445:11:tokenizer_next	22	static
src/parser.c:563:11:_parser_var	5	static
src/parser.c:156:13:_emit8	7	static
src/parser.c:413:13:_popv	4	static
src/parser.c:427:13:_pushv	4	static
src/parser.c:630:11:_parser_expression	12	static
src/parser.c:476:11:_parser_fn_call	12	static
src/parser.c:607:11:_parser_block_inner	152	static
src/parser.c:618:11:_parser_block	2	static
src/parser.c:681:11:_parser_if	19	static
src/main.c:64:5:main	26	dynamic
