src/xmem.c:16:11:_spi_xchg	2	static
src/xmem.c:38:13:_xmem_addr	4	static
src/xmem.c:54:13:xmem_read	11	static
src/memory.c:2:11:memory_r8	5	static
src/memory.c:9:12:memory_r16	6	static
src/uart.c:29:13:uart_tx	2	static
src/stream.c:57:13:_print_radix	38	static
src/builtin.c:2:12:_add	10	static
src/builtin.c:7:12:_sub	10	static
src/builtin.c:12:12:_mul	8	static
src/builtin.c:17:12:_div	8	static
src/builtin.c:22:12:_mod	8	static
src/builtin.c:27:12:_abs	2	static
src/builtin.c:32:12:_and	10	static
src/builtin.c:37:12:_or	10	static
src/builtin.c:42:12:_xor	10	static
src/builtin.c:47:12:_inv	8	static
src/builtin.c:52:12:_shl	10	static
src/builtin.c:57:12:_shr	10	static
src/builtin.c:62:12:_not	8	static
src/builtin.c:67:12:_eq	8	static
src/builtin.c:72:12:_ne	8	static
src/builtin.c:77:12:_lt	8	static
src/builtin.c:82:12:_gt	8	static
src/builtin.c:87:12:_le	8	static
src/builtin.c:92:12:_ge	8	static
src/builtin.c:97:12:_hi	8	static
src/builtin.c:102:12:_lo	8	static
src/builtin.c:107:12:_hs	8	static
src/builtin.c:112:12:_ls	8	static
src/builtin.c:366:12:_ru16	8	static
src/builtin.c:371:12:_ru8	8	static
src/builtin.c:377:12:_rs16	8	static
src/builtin.c:382:12:_rs8	8	static
src/builtin.c:440:12:_fputd	3	static
src/builtin.c:452:12:_fputx	3	static
src/builtin.c:458:12:_fputxe	3	static
src/builtin.c:529:12:_millis	2	static
src/parser.c:130:12:_fn_addr_get	2	static
src/tokenizer.c:39:11:is_identifier_char	3	static
src/parser.c:32:12:identifier_map_find	13	static
src/tokenizer.c:29:11:_is_hex	3	static
src/tokenizer.c:44:13:_tokenizer_read	4	static
src/tokenizer.c:60:13:_tokenizer_advance	2	static
src/tokenizer.c:175:13:_tokenizer_skip	3	static
src/parser.c:174:13:_skip.constprop	2	static
src/builtin.c:399:12:_mchr	274	static
src/memory.c:81:11:memory_cmp.constprop	524	static
src/builtin.c:394:12:_mcmp	8	static
src/memory.c:16:12:memory_r32.constprop	12	static
src/builtin.c:361:12:_r32	2	static
src/util.c:4:11:_string_find.constprop	2	static
src/stream.c:21:13:print_str.constprop	4	static
src/builtin.c:446:12:_fputde	3	static
src/tokenizer.c:88:11:_tokenizer_char	6	static
src/builtin.c:428:12:_fputs	5	static
src/builtin.c:434:12:_fputse	7	static
src/builtin.c:480:12:_fputc	2	static
src/builtin.c:404:12:_mset	7	static
src/xmem.c:70:13:xmem_write	11	static
src/builtin.c:355:12:_w8	5	static
src/memory.c:29:13:memory_w16	6	static
src/builtin.c:349:12:_w16	2	static
src/parser.c:9:13:address_stack_update	7	static
src/parser.c:19:13:address_stack_push	4	static
src/parser.c:56:12:_identifier_map_insert	4	static
src/parser.c:162:13:_emit16	4	static
src/builtin.c:343:12:_w32	8	static
src/memory.c:42:13:memory_cpy.constprop	268	static
src/builtin.c:388:12:_mcpy	2	static
src/tokenizer.c:477:11:tokenizer_next	17	static
src/parser.c:599:11:_parser_var	5	static
src/parser.c:156:13:_emit8	7	static
src/parser.c:179:13:_pushi	12	static
src/parser.c:449:13:_popv	3	static
src/parser.c:463:13:_pushv	3	static
src/parser.c:512:11:_parser_fn_call	12	static
src/parser.c:666:11:_parser_expression	8	static
src/parser.c:643:11:_parser_block_inner	147	static
src/parser.c:654:11:_parser_block	2	static
src/parser.c:701:11:_parser_if	19	static
src/uart.c:64:1:__vector_18	9	static
src/uart.c:77:1:__vector_19	9	static
src/main.c:29:5:main	18	dynamic
