src/memory.c:118:11:_spi_xchg	2	static
src/memory.c:140:13:_xmem_addr	4	static
src/memory.c:147:13:_xmem_read	11	static
src/memory.c:180:11:memory_r8	5	static
src/memory.c:187:12:memory_r16	6	static
src/stream.c:33:13:uart_tx	2	static
src/builtin.c:2:12:_add	10	static
src/builtin.c:7:12:_sub	10	static
src/builtin.c:12:12:_mul	8	static
src/builtin.c:17:12:_div	8	static
src/builtin.c:22:12:_mod	8	static
src/builtin.c:27:12:_abs	2	static
src/builtin.c:32:12:_and	10	static
src/builtin.c:37:12:_or	10	static
src/builtin.c:42:12:_xor	10	static
src/builtin.c:47:12:_inv	8	static
src/builtin.c:52:12:_shl	10	static
src/builtin.c:57:12:_shr	10	static
src/builtin.c:62:12:_not	8	static
src/builtin.c:67:12:_eq	8	static
src/builtin.c:72:12:_ne	8	static
src/builtin.c:77:12:_lt	8	static
src/builtin.c:82:12:_gt	8	static
src/builtin.c:87:12:_le	8	static
src/builtin.c:92:12:_ge	8	static
src/builtin.c:97:12:_hi	8	static
src/builtin.c:102:12:_lo	8	static
src/builtin.c:107:12:_hs	8	static
src/builtin.c:112:12:_ls	8	static
src/builtin.c:362:12:_ru16	8	static
src/builtin.c:367:12:_ru8	8	static
src/builtin.c:373:12:_rs16	8	static
src/builtin.c:378:12:_rs8	8	static
src/builtin.c:384:12:_mcpy	2	static
src/builtin.c:476:12:_print_char	2	static
src/parser.c:130:12:_fn_addr_get	2	static
src/parser.c:32:12:identifier_map_find	13	static
src/builtin.c:293:12:_isalnum	8	static
src/builtin.c:288:12:_isalpha	8	static
src/tokenizer.c:29:11:_is_hex	3	static
src/builtin.c:283:12:_isdigit	8	static
src/builtin.c:318:12:_isspace	8	static
src/builtin.c:333:12:_toupper	8	static
src/builtin.c:328:12:_tolower	8	static
src/builtin.c:323:12:_isxdigit	8	static
src/builtin.c:313:12:_ispunct	8	static
src/builtin.c:308:12:_isprint	8	static
src/builtin.c:303:12:_isgraph	8	static
src/builtin.c:298:12:_iscntrl	8	static
src/builtin.c:278:12:_islower	8	static
src/builtin.c:273:12:_isupper	8	static
src/tokenizer.c:44:13:_tokenizer_read	4	static
src/tokenizer.c:60:13:_tokenizer_advance	2	static
src/tokenizer.c:175:13:_tokenizer_skip	3	static
src/parser.c:174:13:_skip.constprop	2	static
src/memory.c:194:12:memory_r32.constprop	12	static
src/builtin.c:357:12:_r32	2	static
src/util.c:4:11:_string_find.constprop	2	static
src/builtin.c:395:12:_mchr	2	static
src/builtin.c:390:12:_mcmp	2	static
src/stream.c:240:13:print_str.constprop	4	static
src/tokenizer.c:88:11:_tokenizer_char	6	static
src/builtin.c:424:12:_print_str	5	static
src/builtin.c:430:12:_print_str_ext	7	static
src/stream.c:275:13:_print_radix.constprop	27	static
src/builtin.c:448:12:_print_hex	2	static
src/builtin.c:436:12:_print_dec	2	static
src/builtin.c:454:12:_print_hex_ext	2	static
src/builtin.c:442:12:_print_dec_ext	2	static
src/builtin.c:400:12:_mset	7	static
src/memory.c:163:13:_xmem_write	11	static
src/builtin.c:351:12:_w8	5	static
src/memory.c:207:13:memory_w16	6	static
src/builtin.c:345:12:_w16	2	static
src/parser.c:9:13:address_stack_update	7	static
src/parser.c:19:13:address_stack_push	4	static
src/parser.c:56:12:_identifier_map_insert	4	static
src/parser.c:162:13:_emit16	4	static
src/builtin.c:339:12:_w32	8	static
src/tokenizer.c:477:11:tokenizer_next	17	static
src/parser.c:592:11:_parser_var	5	static
src/parser.c:156:13:_emit8	7	static
src/parser.c:179:13:_pushi	12	static
src/parser.c:442:13:_popv	3	static
src/parser.c:456:13:_pushv	3	static
src/parser.c:505:11:_parser_fn_call	12	static
src/parser.c:659:11:_parser_expression	8	static
src/parser.c:636:11:_parser_block_inner	147	static
src/parser.c:647:11:_parser_block	2	static
src/parser.c:694:11:_parser_if	19	static
src/stream.c:68:1:__vector_18	9	static
src/stream.c:81:1:__vector_19	9	static
src/main.c:26:5:main	16	dynamic
